✔ [1/5] Built Cache.Cli (3.4s)
✔ [2/5] Built Cache.Lean (3.5s)
✔ [6/26] Built Batteries.Tactic.OpenPrivate (4.2s)
✔ [7/26] Built Cache.Infra (4.1s)
✔ [8/26] Built Cache.Cli:c.o (4.1s)
✔ [9/26] Built Cache.Lean:c.o (4.1s)
✔ [10/26] Built Cache.Infra:c.o (394ms)
✔ [11/26] Built Batteries.Tactic.OpenPrivate:c.o (5.6s)
✔ [12/26] Built Cache.IO (5.7s)
✔ [13/26] Built Cache.IO:c.o (4.3s)
✔ [14/26] Built Cache.Hashing (4.4s)
✔ [15/26] Built Cache.Hashing:c.o (5.8s)
✔ [16/26] Built Cache.Requests (5.9s)
✔ [17/26] Built Cache.Marker (4.4s)
✔ [18/26] Built Cache.Requests:c.o (4.4s)
✔ [19/26] Built Cache.Marker:c.o (4.1s)
✔ [20/26] Built Cache.Query (4.2s)
✔ [21/26] Built Cache.Query:c.o (718ms)
✔ [22/26] Built Cache.Warning (4.9s)
✔ [23/26] Built Cache.Main (7.6s)
✔ [24/26] Built Cache.Warning:c.o (7.5s)
✔ [25/26] Built Cache.Main:c.o (3.5s)
✔ [26/26] Built cache:exe (7.8s)
Current branch: HEAD
Using cache from origin: (some leanprover-community/mathlib4)
Attempting to download 1171 file(s) from leanprover-community/mathlib4 cache at https://lakecache.blob.core.windows.net/mathlib4-master

Downloaded: 0 file(s) [attempted 1/1171 = 0%, 1 KB/s], Decompressed: 0[K
Downloaded: 0 file(s) [attempted 52/1171 = 4%, 0 KB/s], Decompressed: 0[K
Downloaded: 0 file(s) [attempted 131/1171 = 11%, 3 KB/s], Decompressed: 0[K
Downloaded: 0 file(s) [attempted 189/1171 = 16%, 6 KB/s], Decompressed: 0[K
Downloaded: 0 file(s) [attempted 302/1171 = 25%, 5 KB/s], Decompressed: 0[K
Downloaded: 0 file(s) [attempted 409/1171 = 34%, 5 KB/s], Decompressed: 0[K
Downloaded: 0 file(s) [attempted 466/1171 = 39%, 3 KB/s], Decompressed: 0[K
Downloaded: 0 file(s) [attempted 487/1171 = 41%, 3 KB/s], Decompressed: 0[K
Downloaded: 0 file(s) [attempted 515/1171 = 43%, 6 KB/s], Decompressed: 0[K
Downloaded: 0 file(s) [attempted 542/1171 = 46%, 4 KB/s], Decompressed: 0[K
Downloaded: 0 file(s) [attempted 563/1171 = 48%, 5 KB/s], Decompressed: 0[K
Downloaded: 0 file(s) [attempted 593/1171 = 50%, 1 KB/s], Decompressed: 0[K
Downloaded: 0 file(s) [attempted 626/1171 = 53%, 2 KB/s], Decompressed: 0[K
Downloaded: 0 file(s) [attempted 668/1171 = 57%, 4 KB/s], Decompressed: 0[K
Downloaded: 0 file(s) [attempted 705/1171 = 60%, 3 KB/s], Decompressed: 0[K
Downloaded: 0 file(s) [attempted 747/1171 = 63%, 3 KB/s], Decompressed: 0[K
Downloaded: 0 file(s) [attempted 784/1171 = 66%, 3 KB/s], Decompressed: 0[K
Downloaded: 0 file(s) [attempted 819/1171 = 69%, 2 KB/s], Decompressed: 0[K
Downloaded: 0 file(s) [attempted 847/1171 = 72%, 2 KB/s], Decompressed: 0[K
Downloaded: 0 file(s) [attempted 865/1171 = 73%, 2 KB/s], Decompressed: 0[K
Downloaded: 0 file(s) [attempted 888/1171 = 75%, 1 KB/s], Decompressed: 0[K
Downloaded: 0 file(s) [attempted 907/1171 = 77%, 2 KB/s], Decompressed: 0[K
Downloaded: 0 file(s) [attempted 933/1171 = 79%, 1 KB/s], Decompressed: 0[K
Downloaded: 0 file(s) [attempted 960/1171 = 81%, 1 KB/s], Decompressed: 0[K
Downloaded: 0 file(s) [attempted 992/1171 = 84%, 3 KB/s], Decompressed: 0[K
Downloaded: 0 file(s) [attempted 1031/1171 = 88%, 3 KB/s], Decompressed: 0[K
Downloaded: 0 file(s) [attempted 1100/1171 = 93%, 4 KB/s], Decompressed: 0[K
Downloaded: 0 file(s) [attempted 1156/1171 = 98%, 4 KB/s], Decompressed: 0[K
Downloaded: 0 file(s) [attempted 1171/1171 = 100%, 4 KB/s], Decompressed: 0[K
Attempting to download 1171 file(s) from leanprover-community/mathlib4 cache at https://lakecache.blob.core.windows.net/mathlib4

Downloaded: 1 file(s) [attempted 1/1171 = 0%, 154 KB/s], Decompressed: 0[K
Downloaded: 49 file(s) [attempted 49/1171 = 4%, 128 KB/s], Decompressed: 1[K
Downloaded: 100 file(s) [attempted 100/1171 = 8%, 58 KB/s], Decompressed: 1[K
Downloaded: 112 file(s) [attempted 112/1171 = 9%, 417 KB/s], Decompressed: 1[K
Downloaded: 122 file(s) [attempted 122/1171 = 10%, 56 KB/s], Decompressed: 1[K
Downloaded: 136 file(s) [attempted 136/1171 = 11%, 685 KB/s], Decompressed: 1[K
Downloaded: 149 file(s) [attempted 149/1171 = 12%, 305 KB/s], Decompressed: 1[K
Downloaded: 160 file(s) [attempted 160/1171 = 13%, 168 KB/s], Decompressed: 1[K
Downloaded: 172 file(s) [attempted 172/1171 = 14%, 818 KB/s], Decompressed: 1[K
Downloaded: 183 file(s) [attempted 183/1171 = 15%, 437 KB/s], Decompressed: 1[K
Downloaded: 197 file(s) [attempted 197/1171 = 16%, 210 KB/s], Decompressed: 1[K
Downloaded: 211 file(s) [attempted 211/1171 = 18%, 52 KB/s], Decompressed: 1[K
Downloaded: 225 file(s) [attempted 225/1171 = 19%, 116 KB/s], Decompressed: 1[K
Downloaded: 245 file(s) [attempted 245/1171 = 20%, 768 KB/s], Decompressed: 49[K
Downloaded: 261 file(s) [attempted 261/1171 = 22%, 798 KB/s], Decompressed: 49[K
Downloaded: 274 file(s) [attempted 274/1171 = 23%, 72 KB/s], Decompressed: 49[K
Downloaded: 279 file(s) [attempted 279/1171 = 23%, 110 KB/s], Decompressed: 49[K
Downloaded: 288 file(s) [attempted 288/1171 = 24%, 479 KB/s], Decompressed: 49[K
Downloaded: 297 file(s) [attempted 297/1171 = 25%, 151 KB/s], Decompressed: 49[K
Downloaded: 307 file(s) [attempted 307/1171 = 26%, 31 KB/s], Decompressed: 49[K
Downloaded: 314 file(s) [attempted 314/1171 = 26%, 70 KB/s], Decompressed: 49[K
Downloaded: 318 file(s) [attempted 318/1171 = 27%, 393 KB/s], Decompressed: 49[K
Downloaded: 321 file(s) [attempted 321/1171 = 27%, 515 KB/s], Decompressed: 49[K
Downloaded: 325 file(s) [attempted 325/1171 = 27%, 234 KB/s], Decompressed: 49[K
Downloaded: 328 file(s) [attempted 328/1171 = 28%, 72 KB/s], Decompressed: 49[K
Downloaded: 332 file(s) [attempted 332/1171 = 28%, 121 KB/s], Decompressed: 49[K
Downloaded: 339 file(s) [attempted 339/1171 = 28%, 5 KB/s], Decompressed: 49[K
Downloaded: 341 file(s) [attempted 341/1171 = 29%, 103 KB/s], Decompressed: 49[K
Downloaded: 344 file(s) [attempted 344/1171 = 29%, 149 KB/s], Decompressed: 49[K
Downloaded: 346 file(s) [attempted 346/1171 = 29%, 15 KB/s], Decompressed: 49[K
Downloaded: 348 file(s) [attempted 348/1171 = 29%, 6 KB/s], Decompressed: 49[K
Downloaded: 353 file(s) [attempted 353/1171 = 30%, 46 KB/s], Decompressed: 49[K
Downloaded: 360 file(s) [attempted 360/1171 = 30%, 90 KB/s], Decompressed: 49[K
Downloaded: 367 file(s) [attempted 367/1171 = 31%, 7 KB/s], Decompressed: 49[K
Downloaded: 369 file(s) [attempted 369/1171 = 31%, 11 KB/s], Decompressed: 49[K
Downloaded: 374 file(s) [attempted 374/1171 = 31%, 39 KB/s], Decompressed: 49[K
Downloaded: 376 file(s) [attempted 376/1171 = 32%, 105 KB/s], Decompressed: 49[K
Downloaded: 381 file(s) [attempted 381/1171 = 32%, 28 KB/s], Decompressed: 49[K
Downloaded: 383 file(s) [attempted 383/1171 = 32%, 170 KB/s], Decompressed: 228[K
Downloaded: 402 file(s) [attempted 402/1171 = 34%, 25 KB/s], Decompressed: 228[K
Downloaded: 407 file(s) [attempted 407/1171 = 34%, 153 KB/s], Decompressed: 228[K
Downloaded: 411 file(s) [attempted 411/1171 = 35%, 863 KB/s], Decompressed: 228[K
Downloaded: 414 file(s) [attempted 414/1171 = 35%, 586 KB/s], Decompressed: 228[K
Downloaded: 416 file(s) [attempted 416/1171 = 35%, 55 KB/s], Decompressed: 228[K
Downloaded: 418 file(s) [attempted 418/1171 = 35%, 453 KB/s], Decompressed: 228[K
Downloaded: 421 file(s) [attempted 421/1171 = 35%, 778 KB/s], Decompressed: 228[K
Downloaded: 423 file(s) [attempted 423/1171 = 36%, 243 KB/s], Decompressed: 228[K
Downloaded: 425 file(s) [attempted 425/1171 = 36%, 92 KB/s], Decompressed: 228[K
Downloaded: 428 file(s) [attempted 428/1171 = 36%, 216 KB/s], Decompressed: 228[K
Downloaded: 430 file(s) [attempted 430/1171 = 36%, 356 KB/s], Decompressed: 228[K
Downloaded: 439 file(s) [attempted 439/1171 = 37%, 2 KB/s], Decompressed: 228[K
Downloaded: 442 file(s) [attempted 442/1171 = 37%, 1 KB/s], Decompressed: 228[K
Downloaded: 444 file(s) [attempted 444/1171 = 37%, 39 KB/s], Decompressed: 228[K
Downloaded: 448 file(s) [attempted 448/1171 = 38%, 5 KB/s], Decompressed: 228[K
Downloaded: 451 file(s) [attempted 451/1171 = 38%, 69 KB/s], Decompressed: 228[K
Downloaded: 455 file(s) [attempted 455/1171 = 38%, 13 KB/s], Decompressed: 383[K
Downloaded: 462 file(s) [attempted 462/1171 = 39%, 35 KB/s], Decompressed: 383[K
Downloaded: 465 file(s) [attempted 465/1171 = 39%, 166 KB/s], Decompressed: 383[K
Downloaded: 467 file(s) [attempted 467/1171 = 39%, 59 KB/s], Decompressed: 383[K
Downloaded: 469 file(s) [attempted 469/1171 = 40%, 16 KB/s], Decompressed: 383[K
Downloaded: 474 file(s) [attempted 474/1171 = 40%, 26 KB/s], Decompressed: 383[K
Downloaded: 476 file(s) [attempted 476/1171 = 40%, 9 KB/s], Decompressed: 383[K
Downloaded: 483 file(s) [attempted 483/1171 = 41%, 14 KB/s], Decompressed: 383[K
Downloaded: 490 file(s) [attempted 490/1171 = 41%, 36 KB/s], Decompressed: 455[K
Downloaded: 509 file(s) [attempted 509/1171 = 43%, 119 KB/s], Decompressed: 455[K
Downloaded: 521 file(s) [attempted 521/1171 = 44%, 190 KB/s], Decompressed: 455[K
Downloaded: 532 file(s) [attempted 532/1171 = 45%, 235 KB/s], Decompressed: 455[K
Downloaded: 544 file(s) [attempted 544/1171 = 46%, 40 KB/s], Decompressed: 455[K
Downloaded: 553 file(s) [attempted 553/1171 = 47%, 259 KB/s], Decompressed: 455[K
Downloaded: 555 file(s) [attempted 555/1171 = 47%, 121 KB/s], Decompressed: 455[K
Downloaded: 558 file(s) [attempted 558/1171 = 47%, 175 KB/s], Decompressed: 486[K
Downloaded: 582 file(s) [attempted 582/1171 = 49%, 1075 KB/s], Decompressed: 486[K
Downloaded: 597 file(s) [attempted 597/1171 = 50%, 264 KB/s], Decompressed: 486[K
Downloaded: 604 file(s) [attempted 604/1171 = 51%, 174 KB/s], Decompressed: 486[K
Downloaded: 616 file(s) [attempted 616/1171 = 52%, 100 KB/s], Decompressed: 486[K
Downloaded: 628 file(s) [attempted 628/1171 = 53%, 4 KB/s], Decompressed: 486[K
Downloaded: 632 file(s) [attempted 632/1171 = 53%, 1078 KB/s], Decompressed: 558[K
Downloaded: 639 file(s) [attempted 639/1171 = 54%, 225 KB/s], Decompressed: 558[K
Downloaded: 642 file(s) [attempted 642/1171 = 54%, 146 KB/s], Decompressed: 558[K
Downloaded: 646 file(s) [attempted 646/1171 = 55%, 144 KB/s], Decompressed: 558[K
Downloaded: 651 file(s) [attempted 651/1171 = 55%, 110 KB/s], Decompressed: 558[K
Downloaded: 653 file(s) [attempted 653/1171 = 55%, 919 KB/s], Decompressed: 632[K
Downloaded: 669 file(s) [attempted 669/1171 = 57%, 33 KB/s], Decompressed: 632[K
Downloaded: 679 file(s) [attempted 679/1171 = 57%, 38 KB/s], Decompressed: 653[K
Downloaded: 697 file(s) [attempted 697/1171 = 59%, 286 KB/s], Decompressed: 653[K
Downloaded: 702 file(s) [attempted 702/1171 = 59%, 97 KB/s], Decompressed: 653[K
Downloaded: 716 file(s) [attempted 716/1171 = 61%, 440 KB/s], Decompressed: 679[K
Downloaded: 728 file(s) [attempted 728/1171 = 62%, 75 KB/s], Decompressed: 709[K
Downloaded: 746 file(s) [attempted 746/1171 = 63%, 96 KB/s], Decompressed: 709[K
Downloaded: 751 file(s) [attempted 751/1171 = 64%, 17 KB/s], Decompressed: 728[K
Downloaded: 772 file(s) [attempted 772/1171 = 65%, 146 KB/s], Decompressed: 728[K
Downloaded: 779 file(s) [attempted 779/1171 = 66%, 110 KB/s], Decompressed: 751[K
Downloaded: 803 file(s) [attempted 803/1171 = 68%, 2242 KB/s], Decompressed: 751[K
Downloaded: 816 file(s) [attempted 816/1171 = 69%, 796 KB/s], Decompressed: 751[K
Downloaded: 825 file(s) [attempted 825/1171 = 70%, 234 KB/s], Decompressed: 779[K
Downloaded: 844 file(s) [attempted 844/1171 = 72%, 26 KB/s], Decompressed: 779[K
Downloaded: 848 file(s) [attempted 848/1171 = 72%, 15 KB/s], Decompressed: 779[K
Downloaded: 860 file(s) [attempted 860/1171 = 73%, 501 KB/s], Decompressed: 825[K
Downloaded: 862 file(s) [attempted 862/1171 = 73%, 276 KB/s], Decompressed: 825[K
Downloaded: 869 file(s) [attempted 869/1171 = 74%, 484 KB/s], Decompressed: 825[K
Downloaded: 876 file(s) [attempted 876/1171 = 74%, 129 KB/s], Decompressed: 853[K
Downloaded: 890 file(s) [attempted 890/1171 = 76%, 14 KB/s], Decompressed: 853[K
Downloaded: 904 file(s) [attempted 904/1171 = 77%, 60 KB/s], Decompressed: 853[K
Downloaded: 921 file(s) [attempted 921/1171 = 78%, 55 KB/s], Decompressed: 853[K
Downloaded: 925 file(s) [attempted 925/1171 = 78%, 381 KB/s], Decompressed: 874[K
Downloaded: 941 file(s) [attempted 941/1171 = 80%, 282 KB/s], Decompressed: 874[K
Downloaded: 953 file(s) [attempted 953/1171 = 81%, 157 KB/s], Decompressed: 874[K
Downloaded: 962 file(s) [attempted 962/1171 = 82%, 237 KB/s], Decompressed: 874[K
Downloaded: 974 file(s) [attempted 974/1171 = 83%, 121 KB/s], Decompressed: 874[K
Downloaded: 979 file(s) [attempted 979/1171 = 83%, 415 KB/s], Decompressed: 874[K
Downloaded: 986 file(s) [attempted 986/1171 = 84%, 63 KB/s], Decompressed: 874[K
Downloaded: 990 file(s) [attempted 990/1171 = 84%, 1097 KB/s], Decompressed: 874[K
Downloaded: 993 file(s) [attempted 993/1171 = 84%, 247 KB/s], Decompressed: 874[K
Downloaded: 995 file(s) [attempted 995/1171 = 84%, 48 KB/s], Decompressed: 925[K
Downloaded: 1018 file(s) [attempted 1018/1171 = 86%, 6 KB/s], Decompressed: 925[K
Downloaded: 1023 file(s) [attempted 1023/1171 = 87%, 135 KB/s], Decompressed: 995[K
Downloaded: 1044 file(s) [attempted 1044/1171 = 89%, 12 KB/s], Decompressed: 995[K
Downloaded: 1051 file(s) [attempted 1051/1171 = 89%, 377 KB/s], Decompressed: 995[K
Downloaded: 1069 file(s) [attempted 1069/1171 = 91%, 1396 KB/s], Decompressed: 995[K
Downloaded: 1080 file(s) [attempted 1080/1171 = 92%, 340 KB/s], Decompressed: 995[K
Downloaded: 1093 file(s) [attempted 1093/1171 = 93%, 20 KB/s], Decompressed: 1023[K
Downloaded: 1131 file(s) [attempted 1131/1171 = 96%, 334 KB/s], Decompressed: 1023[K
Downloaded: 1141 file(s) [attempted 1141/1171 = 97%, 304 KB/s], Decompressed: 1023[K
Downloaded: 1155 file(s) [attempted 1155/1171 = 98%, 369 KB/s], Decompressed: 1023[K
Downloaded: 1160 file(s) [attempted 1160/1171 = 99%, 84 KB/s], Decompressed: 1023[K
Downloaded: 1165 file(s) [attempted 1165/1171 = 99%, 187 KB/s], Decompressed: 1023[K
Downloaded: 1169 file(s) [attempted 1169/1171 = 99%, 371 KB/s], Decompressed: 1023[K
Downloaded: 1171 file(s) [attempted 1171/1171 = 100%, 371 KB/s], Decompressed: 1023[K
Decompressed 1171 file(s)
Already decompressed 1171 file(s)
